[followersmedia.co/index.html]
[backblue.gif]
[fade.gif]
[index.html]
[followersmedia.co/img/favicon.ico]
[ww25.mywebsiteurl.com/social-share-image4c3d.html]
[ww25.mywebsiteurl.com/twitter-share-image161a.html]
[cdn.linearicons.com/free/1.0.0/icon-font.min.css]
[use.fontawesome.com/releases/v5.5.0/css/all.css]
[followersmedia.co/css/bootstrap.min.css]
[followersmedia.co/css/animate.css]
[followersmedia.co/css/magnific-popup.css]
[followersmedia.co/css/style.css]
[followersmedia.co/img/logo-tw.png]
[followersmedia.co/img/logo-ig.png]
[followersmedia.co/img/logo-s-tt.png]
[followersmedia.co/img/logo-tt.png]
[ajax.googleapis.com/ajax/libs/jquery/2.1.4/jquery.min.js]
[followersmedia.co/js/jquery.magnific-popup.min.js]
[followersmedia.co/js/particles.min.js]
[followersmedia.co/js/jquery.countTo.js]
[followersmedia.co/index.html]
[followersmedia.co/img/favicon.html]
[followersmedia.co/js/main.js]
[ww25.mywebsiteurl.com/social-share-image4c3d.html]
[ww25.mywebsiteurl.com/twitter-share-image161a.html]
[ww25.mywebsiteurl.com/js/parking.2.103.3.js]
[cdn.linearicons.com/free/1.0.0/Linearicons-Free.eot]
[cdn.linearicons.com/free/1.0.0/icon-font.min.css]
[use.fontawesome.com/releases/v5.5.0/css/all.css]
[followersmedia.co/css/bootstrap.min.css]
[followersmedia.co/css/animate.css]
[followersmedia.co/css/magnific-popup.css]
[followersmedia.co/css/style.css]
